TEST


*** TEST DES SINGLES QUOTES : ***

bash-5.1$ echo' test'
bash: echo test: command not found

bash-5.1$ echo' 'test
bash: echo test: command not found

bash-5.1$ echo test ls
test ls

bash-5.1$ echo ' 'ls
 ls

bash-5.1$ echo 'debut              fin'       test
debut              fin test

bash-5.1$  echo 1 2 3 4 5
1 2 3 4 5

bash-5.1$ ec'h'o     t'rst'
trst

bash-5.1$ ec'h'o'   ' t'rst'
bash: echo   : command not found

bash-5.1$ 'ech'o' c'oucou
bash: echo coucou: command not found

bash-5.1$ 'ech'o     '  '  coucou
   coucou

*** ECHO -n : ***

bash-5.1$ echo -n -n -nnnn -nnnnabc
-nnnnabcbash-5.1$ 

bash-5.1$ echo -n blabla
blablabash-5.1$ 

minishell$> echo -a -nnn -er -nnnnnn -nae -nnn  bonjour
-a -nnn -er -nnnnnn -nae -nnn bonjour

bash-5.1$ echo -nnnn -n -nnnq ghg 'gfdgd' ' a       f'
-nnnq ghg gfdgd  a       fbash-5.1$

bash-5.1$ echo -n' 'test
-n test

bash-5.1$ echo -nnna
-nnna

*************************************
bash-5.1$ echo 'test > oups'
test > oups

bash-5.1$ echo 'test>oups'
test>oups

bash-5.1$ echo test>oups // a faire
bash-5.1$ cat oups 
test

bash-5.1$ echo test'>'oups
test>oups